File for_let.ml, line 2, column 2
[31mError[0m: Don't use for!

