File ref_let_appl_fun.ml, line 4, column 14
[31mError[0m: Don't use ref!

