File ref_appl_fun.ml, line 3, column 12
[31mError[0m: Don't use ref!

