File ref_global.ml, line 1, column 8
[31mError[0m: Don't use ref!

