File ref_let.ml, line 2, column 10
[31mError[0m: Don't use ref!

