File while_let.ml, line 3, column 2
[31mError[0m: Don't use while!

